{
  "passed": 27,
  "total": 32,
  "failures": [
    {
      "name": "320x640: full HTML startup",
      "status": "FAIL",
      "error": "[]"
    },
    {
      "name": "390x844: full HTML startup",
      "status": "FAIL",
      "error": "[]"
    },
    {
      "name": "412x915: full HTML startup",
      "status": "FAIL",
      "error": "[]"
    },
    {
      "name": "640x360: full HTML startup",
      "status": "FAIL",
      "error": "[]"
    },
    {
      "name": "1280x900: full HTML startup",
      "status": "FAIL",
      "error": "[]"
    }
  ]
}
