START r710 identity and live canonical controls
END r710 identity and live canonical controls PASS
START native touch +1/-1 immediate counter coherence
END native touch +1/-1 immediate counter coherence PASS
START target transition and undo ledger
END target transition and undo ledger PASS
START silent lock-screen catchup preserves deferred DOM contract
END silent lock-screen catchup preserves deferred DOM contract PASS
START twenty native taps, no lost or duplicate counts
END twenty native taps, no lost or duplicate counts PASS
START audio truth, physical play, pause latch, terminal and pending grace
END audio truth, physical play, pause latch, terminal and pending grace PASS
START fifteen-second idle event-storm soak
END fifteen-second idle event-storm soak PASS
START canonical exit native hit-test
END canonical exit native hit-test PASS
START no uncaught browser errors
END no uncaught browser errors PASS
{
  "passed": 9,
  "total": 9,
  "failures": []
}
